prisma/seed.ts(1,10): error TS2305: Module '"@prisma/client"' has no exported member 'PrismaClient'.
prisma/seed.ts(1,24): error TS2305: Module '"@prisma/client"' has no exported member 'LoanStatus'.
prisma/seed.ts(1,36): error TS2305: Module '"@prisma/client"' has no exported member 'InstallmentStatus'.
prisma/seed.ts(1,55): error TS2305: Module '"@prisma/client"' has no exported member 'UserRole'.
services/contractService.ts(3,30): error TS2307: Cannot find module 'uuid' or its corresponding type declarations.
services/contractService.ts(204,28): error TS2339: Property 'interestRate' does not exist on type 'Loan'.
services/supabaseClient.ts(3,33): error TS2339: Property 'env' does not exist on type 'ImportMeta'.
services/supabaseClient.ts(4,37): error TS2339: Property 'env' does not exist on type 'ImportMeta'.
services/supabaseService.ts(742,12): error TS2551: Property 'catch' does not exist on type 'PostgrestFilterBuilder<any, any, any, any, "decrement_loan_remaining", null, "RPC">'. Did you mean 'match'?
